Archive member included to satisfy reference by file (symbol)

d:/mounriver/mounriver_studio/toolchain/risc-v embedded gcc/bin/../lib/gcc/riscv-none-embed/8.2.0/rv32imacxw/ilp32\libgcc.a(save-restore.o)
                              ./User/lcd.o (__riscv_save_12)
d:/mounriver/mounriver_studio/toolchain/risc-v embedded gcc/bin/../lib/gcc/riscv-none-embed/8.2.0/../../../../riscv-none-embed/lib/rv32imacxw/ilp32\libg_nano.a(lib_a-memset.o)
                              ./User/lcd.o (memset)
d:/mounriver/mounriver_studio/toolchain/risc-v embedded gcc/bin/../lib/gcc/riscv-none-embed/8.2.0/../../../../riscv-none-embed/lib/rv32imacxw/ilp32\libg_nano.a(lib_a-printf.o)
                              ./User/lcd.o (printf)
d:/mounriver/mounriver_studio/toolchain/risc-v embedded gcc/bin/../lib/gcc/riscv-none-embed/8.2.0/../../../../riscv-none-embed/lib/rv32imacxw/ilp32\libg_nano.a(lib_a-vsnprintf.o)
                              ./User/lcd.o (vsnprintf)
d:/mounriver/mounriver_studio/toolchain/risc-v embedded gcc/bin/../lib/gcc/riscv-none-embed/8.2.0/../../../../riscv-none-embed/lib/rv32imacxw/ilp32\libg_nano.a(lib_a-findfp.o)
                              d:/mounriver/mounriver_studio/toolchain/risc-v embedded gcc/bin/../lib/gcc/riscv-none-embed/8.2.0/../../../../riscv-none-embed/lib/rv32imacxw/ilp32\libg_nano.a(lib_a-printf.o) (__sinit)
d:/mounriver/mounriver_studio/toolchain/risc-v embedded gcc/bin/../lib/gcc/riscv-none-embed/8.2.0/../../../../riscv-none-embed/lib/rv32imacxw/ilp32\libg_nano.a(lib_a-fwalk.o)
                              d:/mounriver/mounriver_studio/toolchain/risc-v embedded gcc/bin/../lib/gcc/riscv-none-embed/8.2.0/../../../../riscv-none-embed/lib/rv32imacxw/ilp32\libg_nano.a(lib_a-findfp.o) (_fwalk)
d:/mounriver/mounriver_studio/toolchain/risc-v embedded gcc/bin/../lib/gcc/riscv-none-embed/8.2.0/../../../../riscv-none-embed/lib/rv32imacxw/ilp32\libg_nano.a(lib_a-impure.o)
                              d:/mounriver/mounriver_studio/toolchain/risc-v embedded gcc/bin/../lib/gcc/riscv-none-embed/8.2.0/../../../../riscv-none-embed/lib/rv32imacxw/ilp32\libg_nano.a(lib_a-findfp.o) (_global_impure_ptr)
d:/mounriver/mounriver_studio/toolchain/risc-v embedded gcc/bin/../lib/gcc/riscv-none-embed/8.2.0/../../../../riscv-none-embed/lib/rv32imacxw/ilp32\libg_nano.a(lib_a-nano-mallocr.o)
                              d:/mounriver/mounriver_studio/toolchain/risc-v embedded gcc/bin/../lib/gcc/riscv-none-embed/8.2.0/../../../../riscv-none-embed/lib/rv32imacxw/ilp32\libg_nano.a(lib_a-findfp.o) (_malloc_r)
d:/mounriver/mounriver_studio/toolchain/risc-v embedded gcc/bin/../lib/gcc/riscv-none-embed/8.2.0/../../../../riscv-none-embed/lib/rv32imacxw/ilp32\libg_nano.a(lib_a-nano-svfprintf.o)
                              d:/mounriver/mounriver_studio/toolchain/risc-v embedded gcc/bin/../lib/gcc/riscv-none-embed/8.2.0/../../../../riscv-none-embed/lib/rv32imacxw/ilp32\libg_nano.a(lib_a-vsnprintf.o) (_svfprintf_r)
d:/mounriver/mounriver_studio/toolchain/risc-v embedded gcc/bin/../lib/gcc/riscv-none-embed/8.2.0/../../../../riscv-none-embed/lib/rv32imacxw/ilp32\libg_nano.a(lib_a-nano-vfprintf.o)
                              d:/mounriver/mounriver_studio/toolchain/risc-v embedded gcc/bin/../lib/gcc/riscv-none-embed/8.2.0/../../../../riscv-none-embed/lib/rv32imacxw/ilp32\libg_nano.a(lib_a-printf.o) (_vfprintf_r)
d:/mounriver/mounriver_studio/toolchain/risc-v embedded gcc/bin/../lib/gcc/riscv-none-embed/8.2.0/../../../../riscv-none-embed/lib/rv32imacxw/ilp32\libg_nano.a(lib_a-nano-vfprintf_i.o)
                              d:/mounriver/mounriver_studio/toolchain/risc-v embedded gcc/bin/../lib/gcc/riscv-none-embed/8.2.0/../../../../riscv-none-embed/lib/rv32imacxw/ilp32\libg_nano.a(lib_a-nano-svfprintf.o) (_printf_i)
d:/mounriver/mounriver_studio/toolchain/risc-v embedded gcc/bin/../lib/gcc/riscv-none-embed/8.2.0/../../../../riscv-none-embed/lib/rv32imacxw/ilp32\libg_nano.a(lib_a-sbrkr.o)
                              d:/mounriver/mounriver_studio/toolchain/risc-v embedded gcc/bin/../lib/gcc/riscv-none-embed/8.2.0/../../../../riscv-none-embed/lib/rv32imacxw/ilp32\libg_nano.a(lib_a-nano-mallocr.o) (_sbrk_r)
d:/mounriver/mounriver_studio/toolchain/risc-v embedded gcc/bin/../lib/gcc/riscv-none-embed/8.2.0/../../../../riscv-none-embed/lib/rv32imacxw/ilp32\libg_nano.a(lib_a-stdio.o)
                              d:/mounriver/mounriver_studio/toolchain/risc-v embedded gcc/bin/../lib/gcc/riscv-none-embed/8.2.0/../../../../riscv-none-embed/lib/rv32imacxw/ilp32\libg_nano.a(lib_a-findfp.o) (__sread)
d:/mounriver/mounriver_studio/toolchain/risc-v embedded gcc/bin/../lib/gcc/riscv-none-embed/8.2.0/../../../../riscv-none-embed/lib/rv32imacxw/ilp32\libg_nano.a(lib_a-wbuf.o)
                              d:/mounriver/mounriver_studio/toolchain/risc-v embedded gcc/bin/../lib/gcc/riscv-none-embed/8.2.0/../../../../riscv-none-embed/lib/rv32imacxw/ilp32\libg_nano.a(lib_a-nano-vfprintf.o) (__swbuf_r)
[...]
Memory Configuration

Name             Origin             Length             Attributes
FLASH            0x0000000000000000 0x0000000000048000 xr
RAM              0x0000000020000000 0x0000000000008000 xrw
*default*        0x0000000000000000 0xffffffffffffffff

Linker script and memory map

LOAD ./User/ch32v30x_it.o
LOAD ./User/lcd.o
LOAD ./User/main.o
LOAD ./User/system_ch32v30x.o
LOAD ./Startup/startup_ch32v30x_D8C.o
LOAD ./Peripheral/src/ch32v30x_adc.o
LOAD ./Peripheral/src/ch32v30x_bkp.o
LOAD ./Peripheral/src/ch32v30x_can.o
LOAD ./Peripheral/src/ch32v30x_crc.o
LOAD ./Peripheral/src/ch32v30x_dac.o
LOAD ./Peripheral/src/ch32v30x_dbgmcu.o
LOAD ./Peripheral/src/ch32v30x_dma.o
LOAD ./Peripheral/src/ch32v30x_dvp.o
LOAD ./Peripheral/src/ch32v30x_eth.o
LOAD ./Peripheral/src/ch32v30x_exti.o
LOAD ./Peripheral/src/ch32v30x_flash.o
LOAD ./Peripheral/src/ch32v30x_fsmc.o
LOAD ./Peripheral/src/ch32v30x_gpio.o
LOAD ./Peripheral/src/ch32v30x_i2c.o
LOAD ./Peripheral/src/ch32v30x_iwdg.o
LOAD ./Peripheral/src/ch32v30x_misc.o
LOAD ./Peripheral/src/ch32v30x_opa.o
LOAD ./Peripheral/src/ch32v30x_pwr.o
LOAD ./Peripheral/src/ch32v30x_rcc.o
LOAD ./Peripheral/src/ch32v30x_rng.o
LOAD ./Peripheral/src/ch32v30x_rtc.o
LOAD ./Peripheral/src/ch32v30x_sdio.o
LOAD ./Peripheral/src/ch32v30x_spi.o
LOAD ./Peripheral/src/ch32v30x_tim.o
LOAD ./Peripheral/src/ch32v30x_usart.o
LOAD ./Peripheral/src/ch32v30x_wwdg.o
LOAD ./Debug/debug.o
LOAD ./Core/core_riscv.o
LOAD d:/mounriver/mounriver_studio/toolchain/risc-v embedded gcc/bin/../lib/gcc/riscv-none-embed/8.2.0/../../../../riscv-none-embed/lib/rv32imacxw/ilp32\libm.a
LOAD d:/mounriver/mounriver_studio/toolchain/risc-v embedded gcc/bin/../lib/gcc/riscv-none-embed/8.2.0/rv32imacxw/ilp32\libgcc.a
LOAD d:/mounriver/mounriver_studio/toolchain/risc-v embedded gcc/bin/../lib/gcc/riscv-none-embed/8.2.0/../../../../riscv-none-embed/lib/rv32imacxw/ilp32\libg_nano.a
LOAD d:/mounriver/mounriver_studio/toolchain/risc-v embedded gcc/bin/../lib/gcc/riscv-none-embed/8.2.0/../../../../riscv-none-embed/lib/rv32imacxw/ilp32\libc_nano.a
LOAD d:/mounriver/mounriver_studio/toolchain/risc-v embedded gcc/bin/../lib/gcc/riscv-none-embed/8.2.0/rv32imacxw/ilp32\libgcc.a
START GROUP
LOAD d:/mounriver/mounriver_studio/toolchain/risc-v embedded gcc/bin/../lib/gcc/riscv-none-embed/8.2.0/rv32imacxw/ilp32\libgcc.a
LOAD d:/mounriver/mounriver_studio/toolchain/risc-v embedded gcc/bin/../lib/gcc/riscv-none-embed/8.2.0/../../../../riscv-none-embed/lib/rv32imacxw/ilp32\libc_nano.a
LOAD d:/mounriver/mounriver_studio/toolchain/risc-v embedded gcc/bin/../lib/gcc/riscv-none-embed/8.2.0/../../../../riscv-none-embed/lib/rv32imacxw/ilp32\libnosys.a
END GROUP
START GROUP
LOAD d:/mounriver/mounriver_studio/toolchain/risc-v embedded gcc/bin/../lib/gcc/riscv-none-embed/8.2.0/rv32imacxw/ilp32\libgcc.a
LOAD d:/mounriver/mounriver_studio/toolchain/risc-v embedded gcc/bin/../lib/gcc/riscv-none-embed/8.2.0/../../../../riscv-none-embed/lib/rv32imacxw/ilp32\libc_nano.a
LOAD d:/mounriver/mounriver_studio/toolchain/risc-v embedded gcc/bin/../lib/gcc/riscv-none-embed/8.2.0/../../../../riscv-none-embed/lib/rv32imacxw/ilp32\libnosys.a
END GROUP
                0x0000000000000800                __stack_size = 0x800
                [!provide]                        PROVIDE (_stack_size = __stack_size)

.init           0x0000000000000000       0x38
                0x0000000000000000                _sinit = .
                0x0000000000000000                . = ALIGN (0x4)
 *(SORT_NONE(.init))
 .init          0x0000000000000000       0x38 ./Startup/startup_ch32v30x_D8C.o
                0x0000000000000000                _start
                0x0000000000000038                . = ALIGN (0x4)
                0x0000000000000038                _einit = .

.vector         0x0000000000000038      0x1c8
 *(.vector)
 .vector        0x0000000000000038      0x1a0 ./Startup/startup_ch32v30x_D8C.o
                0x0000000000000200                . = ALIGN (0x40)
 *fill*         0x00000000000001d8       0x28 

.text           0x0000000000000200     0x6964
                0x0000000000000200                . = ALIGN (0x4)
 *(.text)
 .text          0x0000000000000200       0x60 d:/mounriver/mounriver_studio/toolchain/risc-v embedded gcc/bin/../lib/gcc/riscv-none-embed/8.2.0/rv32imacxw/ilp32\libgcc.a(save-restore.o)
                0x0000000000000200                __riscv_save_12
                0x0000000000000208                __riscv_save_9
                0x0000000000000208                __riscv_save_11
                0x0000000000000208                __riscv_save_10
                0x0000000000000208                __riscv_save_8
                0x0000000000000216                __riscv_save_4
                0x0000000000000216                __riscv_save_6
                0x0000000000000216                __riscv_save_5
                0x0000000000000216                __riscv_save_7
                0x0000000000000230                __riscv_save_3
                0x0000000000000230                __riscv_save_2
                0x0000000000000230                __riscv_save_1
                0x0000000000000230                __riscv_save_0
                0x000000000000023c                __riscv_restore_12
                0x0000000000000240                __riscv_restore_11
                0x0000000000000240                __riscv_restore_9
                0x0000000000000240                __riscv_restore_10
                0x0000000000000240                __riscv_restore_8
                0x000000000000024a                __riscv_restore_5
                0x000000000000024a                __riscv_restore_7
                0x000000000000024a                __riscv_restore_6
                0x000000000000024a                __riscv_restore_4
                0x0000000000000254                __riscv_restore_3
                0x0000000000000254                __riscv_restore_0
                0x0000000000000254                __riscv_restore_2
                0x0000000000000254                __riscv_restore_1
 .text          0x0000000000000260       0xa8 d:/mounriver/mounriver_studio/toolchain/risc-v embedded gcc/bin/../lib/gcc/riscv-none-embed/8.2.0/../../../../riscv-none-embed/lib/rv32imacxw/ilp32\libg_nano.a(lib_a-memset.o)
                0x0000000000000260                memset
 *(.text.*)
 .text.NMI_Handler
                0x0000000000000308        0x4 ./User/ch32v30x_it.o
                0x0000000000000308                NMI_Handler
 .text.HardFault_Handler
                0x000000000000030c        0x2 ./User/ch32v30x_it.o
                0x000000000000030c                HardFault_Handler
 .text.lcd_write_half_word
                0x000000000000030e       0x12 ./User/lcd.o
                0x000000000000030e                lcd_write_half_word
 .text.lcd_read_data
                0x0000000000000320       0x14 ./User/lcd.o
                0x0000000000000320                lcd_read_data
 .text.lcd_fsmc_init
                0x0000000000000334      0x100 ./User/lcd.o
                0x0000000000000334                lcd_fsmc_init
 .text.TIM1_PWMOut_Init
                0x0000000000000434       0x6e ./User/lcd.o
                0x0000000000000434                TIM1_PWMOut_Init
 .text.lcd_gpio_init
                0x00000000000004a2       0x46 ./User/lcd.o
                0x00000000000004a2                lcd_gpio_init
 .text.lcd_set_color
                0x00000000000004e8        0xe ./User/lcd.o
                0x00000000000004e8                lcd_set_color
 .text.lcd_address_set
                0x00000000000004f6       0x4e ./User/lcd.o
                0x00000000000004f6                lcd_address_set
 .text.lcd_clear
                0x0000000000000544       0x3c ./User/lcd.o
                0x0000000000000544                lcd_clear
 .text.lcd_init
                0x0000000000000580      0x18c ./User/lcd.o
                0x0000000000000580                lcd_init
 .text.lcd_show_char
                0x000000000000070c      0x170 ./User/lcd.o
                0x000000000000070c                lcd_show_char
 .text.lcd_show_string
                0x000000000000087c       0xc6 ./User/lcd.o
                0x000000000000087c                lcd_show_string
 .text.Mechanical_Arm_State.part.1
                0x0000000000000942       0x2a ./User/main.o
 .text.USARTx_CFG
                0x000000000000096c       0x82 ./User/main.o
                0x000000000000096c                USARTx_CFG
 .text.DMA_INIT
                0x00000000000009ee       0x7c ./User/main.o
                0x00000000000009ee                DMA_INIT
 .text.uartWriteBLE
                0x0000000000000a6a       0x4c ./User/main.o
                0x0000000000000a6a                uartWriteBLE
 .text.uartWriteBLEstr
                0x0000000000000ab6       0x1e ./User/main.o
                0x0000000000000ab6                uartWriteBLEstr
 .text.uartReadBLE
                0x0000000000000ad4       0x76 ./User/main.o
                0x0000000000000ad4                uartReadBLE
 .text.uartAvailableBLE
                0x0000000000000b4a       0x34 ./User/main.o
                0x0000000000000b4a                uartAvailableBLE
 .text.str_Package
                0x0000000000000b7e       0x2a ./User/main.o
                0x0000000000000b7e                str_Package
 .text.High_Level_Measure
                0x0000000000000ba8       0x28 ./User/main.o
                0x0000000000000ba8                High_Level_Measure
 .text.Angle_Measure
                0x0000000000000bd0       0x14 ./User/main.o
                0x0000000000000bd0                Angle_Measure
 .text.Refuse_Classification
                0x0000000000000be4       0x1c ./User/main.o
                0x0000000000000be4                Refuse_Classification
 .text.EXTI_INT_INIT
                0x0000000000000c00       0xaa ./User/main.o
                0x0000000000000c00                EXTI_INT_INIT
 .text.GPIO_INIT
                0x0000000000000caa       0xd0 ./User/main.o
                0x0000000000000caa                GPIO_INIT
 .text.Car_Run  0x0000000000000d7a       0x2a ./User/main.o
                0x0000000000000d7a                Car_Run
 .text.Car_Stop
                0x0000000000000da4       0x2a ./User/main.o
                0x0000000000000da4                Car_Stop
 .text.Car_Front_Run
                0x0000000000000dce       0x36 ./User/main.o
                0x0000000000000dce                Car_Front_Run
 .text.Car_Back_Run
                0x0000000000000e04       0x36 ./User/main.o
                0x0000000000000e04                Car_Back_Run
 .text.Car_Turn_Right
                0x0000000000000e3a       0x36 ./User/main.o
                0x0000000000000e3a                Car_Turn_Right
 .text.Car_Turn_Left
                0x0000000000000e70       0x36 ./User/main.o
                0x0000000000000e70                Car_Turn_Left
 .text.Echo_Switch
                0x0000000000000ea6       0x1a ./User/main.o
                0x0000000000000ea6                Echo_Switch
 .text.Plier_Switch
                0x0000000000000ec0       0x18 ./User/main.o
                0x0000000000000ec0                Plier_Switch
 .text.Mechanical_Arm_State
                0x0000000000000ed8       0x60 ./User/main.o
                0x0000000000000ed8                Mechanical_Arm_State
 .text.Mechanical_Arm_Control
                0x0000000000000f38       0xc4 ./User/main.o
                0x0000000000000f38                Mechanical_Arm_Control
 .text.Car_Control
                0x0000000000000ffc       0x52 ./User/main.o
                0x0000000000000ffc                Car_Control
 .text.Turntime_Change
                0x000000000000104e       0x9e ./User/main.o
                0x000000000000104e                Turntime_Change
 .text.Turn_Angle
                0x00000000000010ec       0x28 ./User/main.o
                0x00000000000010ec                Turn_Angle
 .text.Run_Distance
                0x0000000000001114       0x2c ./User/main.o
                0x0000000000001114                Run_Distance
 .text.Globalswitch_Change
                0x0000000000001140       0x1e ./User/main.o
                0x0000000000001140                Globalswitch_Change
 .text.startup.main
                0x000000000000115e      0x1e0 ./User/main.o
                0x000000000000115e                main
 .text.EXTI3_IRQHandler
                0x000000000000133e       0x32 ./User/main.o
                0x000000000000133e                EXTI3_IRQHandler
 .text.EXTI15_10_IRQHandler
                0x0000000000001370       0x32 ./User/main.o
                0x0000000000001370                EXTI15_10_IRQHandler
 .text.SystemInit
                0x00000000000013a2       0xfa ./User/system_ch32v30x.o
                0x00000000000013a2                SystemInit
 .text.vector_handler
                0x000000000000149c       0xbe ./Startup/startup_ch32v30x_D8C.o
                0x00000000000014a0                Ecall_M_Mode_Handler
                0x00000000000014a2                Ecall_U_Mode_Handler
                0x00000000000014a4                Break_Point_Handler
                0x00000000000014a6                SysTick_Handler
                0x00000000000014a8                SW_Handler
                0x00000000000014aa                WWDG_IRQHandler
                0x00000000000014ac                PVD_IRQHandler
                0x00000000000014ae                TAMPER_IRQHandler
                0x00000000000014b0                RTC_IRQHandler
                0x00000000000014b2                FLASH_IRQHandler
                0x00000000000014b4                RCC_IRQHandler
                0x00000000000014b6                EXTI0_IRQHandler
                0x00000000000014b8                EXTI1_IRQHandler
                0x00000000000014ba                EXTI2_IRQHandler
                0x00000000000014be                EXTI4_IRQHandler
                0x00000000000014c0                DMA1_Channel1_IRQHandler
                0x00000000000014c2                DMA1_Channel2_IRQHandler
                0x00000000000014c4                DMA1_Channel3_IRQHandler
                0x00000000000014c6                DMA1_Channel4_IRQHandler
                0x00000000000014c8                DMA1_Channel5_IRQHandler
                0x00000000000014ca                DMA1_Channel6_IRQHandler
                0x00000000000014cc                DMA1_Channel7_IRQHandler
                0x00000000000014ce                ADC1_2_IRQHandler
                0x00000000000014d0                USB_HP_CAN1_TX_IRQHandler
                0x00000000000014d2                USB_LP_CAN1_RX0_IRQHandler
                0x00000000000014d4                CAN1_RX1_IRQHandler
                0x00000000000014d6                CAN1_SCE_IRQHandler
                0x00000000000014d8                EXTI9_5_IRQHandler
                0x00000000000014da                TIM1_BRK_IRQHandler
                0x00000000000014dc                TIM1_UP_IRQHandler
                0x00000000000014de                TIM1_TRG_COM_IRQHandler
                0x00000000000014e0                TIM1_CC_IRQHandler
                0x00000000000014e2                TIM2_IRQHandler
                0x00000000000014e4                TIM3_IRQHandler
                0x00000000000014e6                TIM4_IRQHandler
                0x00000000000014e8                I2C1_EV_IRQHandler
                0x00000000000014ea                I2C1_ER_IRQHandler
                0x00000000000014ec                I2C2_EV_IRQHandler
                0x00000000000014ee                I2C2_ER_IRQHandler
                0x00000000000014f0                SPI1_IRQHandler
                0x00000000000014f2                SPI2_IRQHandler
                0x00000000000014f4                USART1_IRQHandler
                0x00000000000014f6                USART2_IRQHandler
                0x00000000000014f8                USART3_IRQHandler
                0x00000000000014fc                RTCAlarm_IRQHandler
                0x00000000000014fe                USBWakeUp_IRQHandler
                0x0000000000001500                TIM8_BRK_IRQHandler
                0x0000000000001502                TIM8_UP_IRQHandler
                0x0000000000001504                TIM8_TRG_COM_IRQHandler
                0x0000000000001506                TIM8_CC_IRQHandler
                0x0000000000001508                RNG_IRQHandler
                0x000000000000150a                FSMC_IRQHandler
                0x000000000000150c                SDIO_IRQHandler
                0x000000000000150e                TIM5_IRQHandler
                0x0000000000001510                SPI3_IRQHandler
                0x0000000000001512                UART4_IRQHandler
                0x0000000000001514                UART5_IRQHandler
                0x0000000000001516                TIM6_IRQHandler
                0x0000000000001518                TIM7_IRQHandler
                0x000000000000151a                DMA2_Channel1_IRQHandler
                0x000000000000151c                DMA2_Channel2_IRQHandler
                0x000000000000151e                DMA2_Channel3_IRQHandler
                0x0000000000001520                DMA2_Channel4_IRQHandler
                0x0000000000001522                DMA2_Channel5_IRQHandler
                0x0000000000001524                ETH_IRQHandler
                0x0000000000001526                ETH_WKUP_IRQHandler
                0x0000000000001528                CAN2_TX_IRQHandler
                0x000000000000152a                CAN2_RX0_IRQHandler
                0x000000000000152c                CAN2_RX1_IRQHandler
                0x000000000000152e                CAN2_SCE_IRQHandler
                0x0000000000001530                OTG_FS_IRQHandler
                0x0000000000001532                USBHSWakeup_IRQHandler
                0x0000000000001534                USBHS_IRQHandler
                0x0000000000001536                DVP_IRQHandler
                0x0000000000001538                UART6_IRQHandler
                0x000000000000153a                UART7_IRQHandler
                0x000000000000153c                UART8_IRQHandler
                0x000000000000153e                TIM9_BRK_IRQHandler
                0x0000000000001540                TIM9_UP_IRQHandler
                0x0000000000001542                TIM9_TRG_COM_IRQHandler
                0x0000000000001544                TIM9_CC_IRQHandler
                0x0000000000001546                TIM10_BRK_IRQHandler
                0x0000000000001548                TIM10_UP_IRQHandler
                0x000000000000154a                TIM10_TRG_COM_IRQHandler
                0x000000000000154c                TIM10_CC_IRQHandler
                0x000000000000154e                DMA2_Channel6_IRQHandler
                0x0000000000001550                DMA2_Channel7_IRQHandler
                0x0000000000001552                DMA2_Channel8_IRQHandler
                0x0000000000001554                DMA2_Channel9_IRQHandler
                0x0000000000001556                DMA2_Channel10_IRQHandler
                0x0000000000001558                DMA2_Channel11_IRQHandler
 .text.handle_reset
                0x000000000000155a       0x8a ./Startup/startup_ch32v30x_D8C.o
                0x000000000000155a                handle_reset
 .text.DMA_DeInit
                0x00000000000015e4      0x16c ./Peripheral/src/ch32v30x_dma.o
                0x00000000000015e4                DMA_DeInit
 .text.DMA_Init
                0x0000000000001750       0x38 ./Peripheral/src/ch32v30x_dma.o
                0x0000000000001750                DMA_Init
 .text.DMA_Cmd  0x0000000000001788       0x14 ./Peripheral/src/ch32v30x_dma.o
                0x0000000000001788                DMA_Cmd
 .text.DMA_SetCurrDataCounter
                0x000000000000179c        0x4 ./Peripheral/src/ch32v30x_dma.o
                0x000000000000179c                DMA_SetCurrDataCounter
 .text.DMA_GetCurrDataCounter
                0x00000000000017a0        0x8 ./Peripheral/src/ch32v30x_dma.o
                0x00000000000017a0                DMA_GetCurrDataCounter
 .text.DMA_ClearFlag
                0x00000000000017a8       0x2c ./Peripheral/src/ch32v30x_dma.o
                0x00000000000017a8                DMA_ClearFlag
 .text.EXTI_Init
                0x00000000000017d4       0x6a ./Peripheral/src/ch32v30x_exti.o
                0x00000000000017d4                EXTI_Init
 .text.EXTI_ClearFlag
                0x000000000000183e        0xa ./Peripheral/src/ch32v30x_exti.o
                0x000000000000183e                EXTI_ClearFlag
 .text.FSMC_NORSRAMInit
                0x0000000000001848       0xba ./Peripheral/src/ch32v30x_fsmc.o
                0x0000000000001848                FSMC_NORSRAMInit
 .text.FSMC_NORSRAMCmd
                0x0000000000001902       0x1e ./Peripheral/src/ch32v30x_fsmc.o
                0x0000000000001902                FSMC_NORSRAMCmd
 .text.GPIO_Init
                0x0000000000001920       0xc0 ./Peripheral/src/ch32v30x_gpio.o
                0x0000000000001920                GPIO_Init
 .text.GPIO_ReadInputDataBit
                0x00000000000019e0        0xa ./Peripheral/src/ch32v30x_gpio.o
                0x00000000000019e0                GPIO_ReadInputDataBit
 .text.GPIO_SetBits
                0x00000000000019ea        0x4 ./Peripheral/src/ch32v30x_gpio.o
                0x00000000000019ea                GPIO_SetBits
 .text.GPIO_ResetBits
                0x00000000000019ee        0x4 ./Peripheral/src/ch32v30x_gpio.o
                0x00000000000019ee                GPIO_ResetBits
 .text.GPIO_WriteBit
                0x00000000000019f2        0xa ./Peripheral/src/ch32v30x_gpio.o
                0x00000000000019f2                GPIO_WriteBit
 .text.GPIO_EXTILineConfig
                0x00000000000019fc       0x2c ./Peripheral/src/ch32v30x_gpio.o
                0x00000000000019fc                GPIO_EXTILineConfig
 .text.NVIC_PriorityGroupConfig
                0x0000000000001a28        0x6 ./Peripheral/src/ch32v30x_misc.o
                0x0000000000001a28                NVIC_PriorityGroupConfig
 .text.NVIC_Init
                0x0000000000001a2e       0xa6 ./Peripheral/src/ch32v30x_misc.o
                0x0000000000001a2e                NVIC_Init
 .text.RCC_GetClocksFreq
                0x0000000000001ad4      0x176 ./Peripheral/src/ch32v30x_rcc.o
                0x0000000000001ad4                RCC_GetClocksFreq
 .text.RCC_AHBPeriphClockCmd
                0x0000000000001c4a       0x1e ./Peripheral/src/ch32v30x_rcc.o
                0x0000000000001c4a                RCC_AHBPeriphClockCmd
 .text.RCC_APB2PeriphClockCmd
                0x0000000000001c68       0x1e ./Peripheral/src/ch32v30x_rcc.o
                0x0000000000001c68                RCC_APB2PeriphClockCmd
 .text.RCC_APB1PeriphClockCmd
                0x0000000000001c86       0x1e ./Peripheral/src/ch32v30x_rcc.o
                0x0000000000001c86                RCC_APB1PeriphClockCmd
 .text.TIM_TimeBaseInit
                0x0000000000001ca4       0xaa ./Peripheral/src/ch32v30x_tim.o
                0x0000000000001ca4                TIM_TimeBaseInit
 .text.TIM_OC2Init
                0x0000000000001d4e       0xae ./Peripheral/src/ch32v30x_tim.o
                0x0000000000001d4e                TIM_OC2Init
 .text.TIM_Cmd  0x0000000000001dfc       0x18 ./Peripheral/src/ch32v30x_tim.o
                0x0000000000001dfc                TIM_Cmd
 .text.TIM_CtrlPWMOutputs
                0x0000000000001e14       0x16 ./Peripheral/src/ch32v30x_tim.o
                0x0000000000001e14                TIM_CtrlPWMOutputs
 .text.TIM_ARRPreloadConfig
                0x0000000000001e2a       0x1a ./Peripheral/src/ch32v30x_tim.o
                0x0000000000001e2a                TIM_ARRPreloadConfig
 .text.TIM_OC2PreloadConfig
                0x0000000000001e44       0x16 ./Peripheral/src/ch32v30x_tim.o
                0x0000000000001e44                TIM_OC2PreloadConfig
 .text.USART_Init
                0x0000000000001e5a       0xbc ./Peripheral/src/ch32v30x_usart.o
                0x0000000000001e5a                USART_Init
 .text.USART_Cmd
                0x0000000000001f16       0x16 ./Peripheral/src/ch32v30x_usart.o
                0x0000000000001f16                USART_Cmd
 .text.USART_DMACmd
                0x0000000000001f2c       0x12 ./Peripheral/src/ch32v30x_usart.o
                0x0000000000001f2c                USART_DMACmd
 .text.USART_SendData
                0x0000000000001f3e        0x8 ./Peripheral/src/ch32v30x_usart.o
                0x0000000000001f3e                USART_SendData
 .text.USART_GetFlagStatus
                0x0000000000001f46        0xa ./Peripheral/src/ch32v30x_usart.o
                0x0000000000001f46                USART_GetFlagStatus
 .text.Delay_Init
                0x0000000000001f50       0x26 ./Debug/debug.o
                0x0000000000001f50                Delay_Init
 .text.Delay_Us
                0x0000000000001f76       0x36 ./Debug/debug.o
                0x0000000000001f76                Delay_Us
 .text.Delay_Ms
                0x0000000000001fac       0x36 ./Debug/debug.o
                0x0000000000001fac                Delay_Ms
 .text.USART_Printf_Init
                0x0000000000001fe2       0x56 ./Debug/debug.o
                0x0000000000001fe2                USART_Printf_Init
 .text._write   0x0000000000002038       0x3a ./Debug/debug.o
                0x0000000000002038                _write
 .text._sbrk    0x0000000000002072       0x26 ./Debug/debug.o
                0x0000000000002072                _sbrk
 .text.printf   0x0000000000002098       0x3e d:/mounriver/mounriver_studio/toolchain/risc-v embedded gcc/bin/../lib/gcc/riscv-none-embed/8.2.0/../../../../riscv-none-embed/lib/rv32imacxw/ilp32\libg_nano.a(lib_a-printf.o)
                0x0000000000002098                iprintf
                0x0000000000002098                printf
 .text._vsnprintf_r
                0x00000000000020d6       0x5a d:/mounriver/mounriver_studio/toolchain/risc-v embedded gcc/bin/../lib/gcc/riscv-none-embed/8.2.0/../../../../riscv-none-embed/lib/rv32imacxw/ilp32\libg_nano.a(lib_a-vsnprintf.o)
                0x00000000000020d6                _vsniprintf_r
                0x00000000000020d6                _vsnprintf_r
 .text.vsnprintf
                0x0000000000002130       0x10 d:/mounriver/mounriver_studio/toolchain/risc-v embedded gcc/bin/../lib/gcc/riscv-none-embed/8.2.0/../../../../riscv-none-embed/lib/rv32imacxw/ilp32\libg_nano.a(lib_a-vsnprintf.o)
                0x0000000000002130                vsniprintf
                0x0000000000002130                vsnprintf
 .text.std      0x0000000000002140       0x66 d:/mounriver/mounriver_studio/toolchain/risc-v embedded gcc/bin/../lib/gcc/riscv-none-embed/8.2.0/../../../../riscv-none-embed/lib/rv32imacxw/ilp32\libg_nano.a(lib_a-findfp.o)
 .text._cleanup_r
                0x00000000000021a6        0xa d:/mounriver/mounriver_studio/toolchain/risc-v embedded gcc/bin/../lib/gcc/riscv-none-embed/8.2.0/../../../../riscv-none-embed/lib/rv32imacxw/ilp32\libg_nano.a(lib_a-findfp.o)
                0x00000000000021a6                _cleanup_r
 .text.__sfmoreglue
                0x00000000000021b0       0x46 d:/mounriver/mounriver_studio/toolchain/risc-v embedded gcc/bin/../lib/gcc/riscv-none-embed/8.2.0/../../../../riscv-none-embed/lib/rv32imacxw/ilp32\libg_nano.a(lib_a-findfp.o)
                0x00000000000021b0                __sfmoreglue
 .text.__sinit  0x00000000000021f6       0x66 d:/mounriver/mounriver_studio/toolchain/risc-v embedded gcc/bin/../lib/gcc/riscv-none-embed/8.2.0/../../../../riscv-none-embed/lib/rv32imacxw/ilp32\libg_nano.a(lib_a-findfp.o)
                0x00000000000021f6                __sinit
 .text.__sfp    0x000000000000225c       0x9c d:/mounriver/mounriver_studio/toolchain/risc-v embedded gcc/bin/../lib/gcc/riscv-none-embed/8.2.0/../../../../riscv-none-embed/lib/rv32imacxw/ilp32\libg_nano.a(lib_a-findfp.o)
                0x000000000000225c                __sfp
 .text._fwalk_reent
                0x00000000000022f8       0x6a d:/mounriver/mounriver_studio/toolchain/risc-v embedded gcc/bin/../lib/gcc/riscv-none-embed/8.2.0/../../../../riscv-none-embed/lib/rv32imacxw/ilp32\libg_nano.a(lib_a-fwalk.o)
                0x00000000000022f8                _fwalk_reent
 .text._malloc_r
                0x0000000000002362       0xda d:/mounriver/mounriver_studio/toolchain/risc-v embedded gcc/bin/../lib/gcc/riscv-none-embed/8.2.0/../../../../riscv-none-embed/lib/rv32imacxw/ilp32\libg_nano.a(lib_a-nano-mallocr.o)
                0x0000000000002362                _malloc_r
 .text.__ssputs_r
                0x000000000000243c       0xe2 d:/mounriver/mounriver_studio/toolchain/risc-v embedded gcc/bin/../lib/gcc/riscv-none-embed/8.2.0/../../../../riscv-none-embed/lib/rv32imacxw/ilp32\libg_nano.a(lib_a-nano-svfprintf.o)
                0x000000000000243c                __ssputs_r
 .text._svfprintf_r
                0x000000000000251e      0x268 d:/mounriver/mounriver_studio/toolchain/risc-v embedded gcc/bin/../lib/gcc/riscv-none-embed/8.2.0/../../../../riscv-none-embed/lib/rv32imacxw/ilp32\libg_nano.a(lib_a-nano-svfprintf.o)
                0x000000000000251e                _svfiprintf_r
                0x000000000000251e                _svfprintf_r
 .text.__sfputc_r
                0x0000000000002786       0x26 d:/mounriver/mounriver_studio/toolchain/risc-v embedded gcc/bin/../lib/gcc/riscv-none-embed/8.2.0/../../../../riscv-none-embed/lib/rv32imacxw/ilp32\libg_nano.a(lib_a-nano-vfprintf.o)
 .text.__sfputs_r
                0x00000000000027ac       0x40 d:/mounriver/mounriver_studio/toolchain/risc-v embedded gcc/bin/../lib/gcc/riscv-none-embed/8.2.0/../../../../riscv-none-embed/lib/rv32imacxw/ilp32\libg_nano.a(lib_a-nano-vfprintf.o)
                0x00000000000027ac                __sfputs_r
 .text._vfprintf_r
                0x00000000000027ec      0x28a d:/mounriver/mounriver_studio/toolchain/risc-v embedded gcc/bin/../lib/gcc/riscv-none-embed/8.2.0/../../../../riscv-none-embed/lib/rv32imacxw/ilp32\libg_nano.a(lib_a-nano-vfprintf.o)
                0x00000000000027ec                _vfprintf_r
                0x00000000000027ec                _vfiprintf_r
 .text._printf_common
                0x0000000000002a76      0x10c d:/mounriver/mounriver_studio/toolchain/risc-v embedded gcc/bin/../lib/gcc/riscv-none-embed/8.2.0/../../../../riscv-none-embed/lib/rv32imacxw/ilp32\libg_nano.a(lib_a-nano-vfprintf_i.o)
                0x0000000000002a76                _printf_common
 .text._printf_i
                0x0000000000002b82      0x2a2 d:/mounriver/mounriver_studio/toolchain/risc-v embedded gcc/bin/../lib/gcc/riscv-none-embed/8.2.0/../../../../riscv-none-embed/lib/rv32imacxw/ilp32\libg_nano.a(lib_a-nano-vfprintf_i.o)
                0x0000000000002b82                _printf_i
 .text._sbrk_r  0x0000000000002e24       0x2a d:/mounriver/mounriver_studio/toolchain/risc-v embedded gcc/bin/../lib/gcc/riscv-none-embed/8.2.0/../../../../riscv-none-embed/lib/rv32imacxw/ilp32\libg_nano.a(lib_a-sbrkr.o)
                0x0000000000002e24                _sbrk_r
 .text.__sread  0x0000000000002e4e       0x2e d:/mounriver/mounriver_studio/toolchain/risc-v embedded gcc/bin/../lib/gcc/riscv-none-embed/8.2.0/../../../../riscv-none-embed/lib/rv32imacxw/ilp32\libg_nano.a(lib_a-stdio.o)
                0x0000000000002e4e                __sread
 .text.__swrite
                0x0000000000002e7c       0x48 d:/mounriver/mounriver_studio/toolchain/risc-v embedded gcc/bin/../lib/gcc/riscv-none-embed/8.2.0/../../../../riscv-none-embed/lib/rv32imacxw/ilp32\libg_nano.a(lib_a-stdio.o)
                0x0000000000002e7c                __swrite
 .text.__sseek  0x0000000000002ec4       0x30 d:/mounriver/mounriver_studio/toolchain/risc-v embedded gcc/bin/../lib/gcc/riscv-none-embed/8.2.0/../../../../riscv-none-embed/lib/rv32imacxw/ilp32\libg_nano.a(lib_a-stdio.o)
                0x0000000000002ec4                __sseek
 .text.__sclose
                0x0000000000002ef4        0x6 d:/mounriver/mounriver_studio/toolchain/risc-v embedded gcc/bin/../lib/gcc/riscv-none-embed/8.2.0/../../../../riscv-none-embed/lib/rv32imacxw/ilp32\libg_nano.a(lib_a-stdio.o)
                0x0000000000002ef4                __sclose
 .text.__swbuf_r
                0x0000000000002efa       0xbe d:/mounriver/mounriver_studio/toolchain/risc-v embedded gcc/bin/../lib/gcc/riscv-none-embed/8.2.0/../../../../riscv-none-embed/lib/rv32imacxw/ilp32\libg_nano.a(lib_a-wbuf.o)
                0x0000000000002efa                __swbuf_r
 .text._write_r
                0x0000000000002fb8       0x2e d:/mounriver/mounriver_studio/toolchain/risc-v embedded gcc/bin/../lib/gcc/riscv-none-embed/8.2.0/../../../../riscv-none-embed/lib/rv32imacxw/ilp32\libg_nano.a(lib_a-writer.o)
                0x0000000000002fb8                _write_r
 .text.__swsetup_r
                0x0000000000002fe6       0xfe d:/mounriver/mounriver_studio/toolchain/risc-v embedded gcc/bin/../lib/gcc/riscv-none-embed/8.2.0/../../../../riscv-none-embed/lib/rv32imacxw/ilp32\libg_nano.a(lib_a-wsetup.o)
                0x0000000000002fe6                __swsetup_r
 .text._close_r
                0x00000000000030e4       0x28 d:/mounriver/mounriver_studio/toolchain/risc-v embedded gcc/bin/../lib/gcc/riscv-none-embed/8.2.0/../../../../riscv-none-embed/lib/rv32imacxw/ilp32\libg_nano.a(lib_a-closer.o)
                0x00000000000030e4                _close_r
 .text.__sflush_r
                0x000000000000310c      0x130 d:/mounriver/mounriver_studio/toolchain/risc-v embedded gcc/bin/../lib/gcc/riscv-none-embed/8.2.0/../../../../riscv-none-embed/lib/rv32imacxw/ilp32\libg_nano.a(lib_a-fflush.o)
                0x000000000000310c                __sflush_r
 .text._fflush_r
                0x000000000000323c       0x68 d:/mounriver/mounriver_studio/toolchain/risc-v embedded gcc/bin/../lib/gcc/riscv-none-embed/8.2.0/../../../../riscv-none-embed/lib/rv32imacxw/ilp32\libg_nano.a(lib_a-fflush.o)
                0x000000000000323c                _fflush_r
 .text._lseek_r
                0x00000000000032a4       0x2c d:/mounriver/mounriver_studio/toolchain/risc-v embedded gcc/bin/../lib/gcc/riscv-none-embed/8.2.0/../../../../riscv-none-embed/lib/rv32imacxw/ilp32\libg_nano.a(lib_a-lseekr.o)
                0x00000000000032a4                _lseek_r
 .text.__swhatbuf_r
                0x00000000000032d0       0x56 d:/mounriver/mounriver_studio/toolchain/risc-v embedded gcc/bin/../lib/gcc/riscv-none-embed/8.2.0/../../../../riscv-none-embed/lib/rv32imacxw/ilp32\libg_nano.a(lib_a-makebuf.o)
                0x00000000000032d0                __swhatbuf_r
 .text.__smakebuf_r
                0x0000000000003326       0x90 d:/mounriver/mounriver_studio/toolchain/risc-v embedded gcc/bin/../lib/gcc/riscv-none-embed/8.2.0/../../../../riscv-none-embed/lib/rv32imacxw/ilp32\libg_nano.a(lib_a-makebuf.o)
                0x0000000000003326                __smakebuf_r
 .text.memchr   0x00000000000033b6       0x18 d:/mounriver/mounriver_studio/toolchain/risc-v embedded gcc/bin/../lib/gcc/riscv-none-embed/8.2.0/../../../../riscv-none-embed/lib/rv32imacxw/ilp32\libg_nano.a(lib_a-memchr.o)
                0x00000000000033b6                memchr
 .text.memcpy   0x00000000000033ce       0xb2 d:/mounriver/mounriver_studio/toolchain/risc-v embedded gcc/bin/../lib/gcc/riscv-none-embed/8.2.0/../../../../riscv-none-embed/lib/rv32imacxw/ilp32\libg_nano.a(lib_a-memcpy.o)
                0x00000000000033ce                memcpy
 .text.memmove  0x0000000000003480       0x46 d:/mounriver/mounriver_studio/toolchain/risc-v embedded gcc/bin/../lib/gcc/riscv-none-embed/8.2.0/../../../../riscv-none-embed/lib/rv32imacxw/ilp32\libg_nano.a(lib_a-memmove.o)
                0x0000000000003480                memmove
 .text.__malloc_lock
                0x00000000000034c6        0x2 d:/mounriver/mounriver_studio/toolchain/risc-v embedded gcc/bin/../lib/gcc/riscv-none-embed/8.2.0/../../../../riscv-none-embed/lib/rv32imacxw/ilp32\libg_nano.a(lib_a-mlock.o)
                0x00000000000034c6                __malloc_lock
 .text.__malloc_unlock
                0x00000000000034c8        0x2 d:/mounriver/mounriver_studio/toolchain/risc-v embedded gcc/bin/../lib/gcc/riscv-none-embed/8.2.0/../../../../riscv-none-embed/lib/rv32imacxw/ilp32\libg_nano.a(lib_a-mlock.o)
                0x00000000000034c8                __malloc_unlock
 .text._free_r  0x00000000000034ca       0xa4 d:/mounriver/mounriver_studio/toolchain/risc-v embedded gcc/bin/../lib/gcc/riscv-none-embed/8.2.0/../../../../riscv-none-embed/lib/rv32imacxw/ilp32\libg_nano.a(lib_a-nano-freer.o)
                0x00000000000034ca                _free_r
 .text._realloc_r
                0x000000000000356e       0x56 d:/mounriver/mounriver_studio/toolchain/risc-v embedded gcc/bin/../lib/gcc/riscv-none-embed/8.2.0/../../../../riscv-none-embed/lib/rv32imacxw/ilp32\libg_nano.a(lib_a-nano-reallocr.o)
                0x000000000000356e                _realloc_r
 .text._read_r  0x00000000000035c4       0x2c d:/mounriver/mounriver_studio/toolchain/risc-v embedded gcc/bin/../lib/gcc/riscv-none-embed/8.2.0/../../../../riscv-none-embed/lib/rv32imacxw/ilp32\libg_nano.a(lib_a-readr.o)
                0x00000000000035c4                _read_r
 .text._fstat_r
                0x00000000000035f0       0x2a d:/mounriver/mounriver_studio/toolchain/risc-v embedded gcc/bin/../lib/gcc/riscv-none-embed/8.2.0/../../../../riscv-none-embed/lib/rv32imacxw/ilp32\libg_nano.a(lib_a-fstatr.o)
                0x00000000000035f0                _fstat_r
 .text._isatty_r
                0x000000000000361a       0x28 d:/mounriver/mounriver_studio/toolchain/risc-v embedded gcc/bin/../lib/gcc/riscv-none-embed/8.2.0/../../../../riscv-none-embed/lib/rv32imacxw/ilp32\libg_nano.a(lib_a-isattyr.o)
                0x000000000000361a                _isatty_r
 .text._malloc_usable_size_r
                0x0000000000003642       0x14 d:/mounriver/mounriver_studio/toolchain/risc-v embedded gcc/bin/../lib/gcc/riscv-none-embed/8.2.0/../../../../riscv-none-embed/lib/rv32imacxw/ilp32\libg_nano.a(lib_a-nano-msizer.o)
                0x0000000000003642                _malloc_usable_size_r
 .text._close   0x0000000000003656        0xc d:/mounriver/mounriver_studio/toolchain/risc-v embedded gcc/bin/../lib/gcc/riscv-none-embed/8.2.0/../../../../riscv-none-embed/lib/rv32imacxw/ilp32\libnosys.a(close.o)
                0x0000000000003656                _close
 .text._fstat   0x0000000000003662        0xc d:/mounriver/mounriver_studio/toolchain/risc-v embedded gcc/bin/../lib/gcc/riscv-none-embed/8.2.0/../../../../riscv-none-embed/lib/rv32imacxw/ilp32\libnosys.a(fstat.o)
                0x0000000000003662                _fstat
 .text._isatty  0x000000000000366e        0xc d:/mounriver/mounriver_studio/toolchain/risc-v embedded gcc/bin/../lib/gcc/riscv-none-embed/8.2.0/../../../../riscv-none-embed/lib/rv32imacxw/ilp32\libnosys.a(isatty.o)
                0x000000000000366e                _isatty
 .text._lseek   0x000000000000367a        0xc d:/mounriver/mounriver_studio/toolchain/risc-v embedded gcc/bin/../lib/gcc/riscv-none-embed/8.2.0/../../../../riscv-none-embed/lib/rv32imacxw/ilp32\libnosys.a(lseek.o)
                0x000000000000367a                _lseek
 .text._read    0x0000000000003686        0xc d:/mounriver/mounriver_studio/toolchain/risc-v embedded gcc/bin/../lib/gcc/riscv-none-embed/8.2.0/../../../../riscv-none-embed/lib/rv32imacxw/ilp32\libnosys.a(read.o)
                0x0000000000003686                _read
 *(.rodata)
 *fill*         0x0000000000003692        0x2 
 .rodata        0x0000000000003694      0x400 ./User/main.o
 *(.rodata*)
 .rodata.asc2_1608
                0x0000000000003a94      0x5e0 ./User/lcd.o
                0x0000000000003a94                asc2_1608
 .rodata.asc2_2412
                0x0000000000004074     0x11a0 ./User/lcd.o
                0x0000000000004074                asc2_2412
 .rodata.asc2_3216
                0x0000000000005214     0x1780 ./User/lcd.o
                0x0000000000005214                asc2_3216
 .rodata.lcd_init.str1.4
                0x0000000000006994        0xa ./User/lcd.o
 *fill*         0x000000000000699e        0x2 
 .rodata.lcd_show_char.str1.4
                0x00000000000069a0       0x4a ./User/lcd.o
 *fill*         0x00000000000069ea        0x2 
 .rodata.lcd_show_string.str1.4
                0x00000000000069ec       0x1e ./User/lcd.o
 *fill*         0x0000000000006a0a        0x2 
 .rodata.main.str1.4
                0x0000000000006a0c       0xb9 ./User/main.o
 *fill*         0x0000000000006ac5        0x3 
 .rodata.__sf_fake_stderr
                0x0000000000006ac8       0x20 d:/mounriver/mounriver_studio/toolchain/risc-v embedded gcc/bin/../lib/gcc/riscv-none-embed/8.2.0/../../../../riscv-none-embed/lib/rv32imacxw/ilp32\libg_nano.a(lib_a-findfp.o)
                0x0000000000006ac8                __sf_fake_stderr
 .rodata.__sf_fake_stdin
                0x0000000000006ae8       0x20 d:/mounriver/mounriver_studio/toolchain/risc-v embedded gcc/bin/../lib/gcc/riscv-none-embed/8.2.0/../../../../riscv-none-embed/lib/rv32imacxw/ilp32\libg_nano.a(lib_a-findfp.o)
                0x0000000000006ae8                __sf_fake_stdin
 .rodata.__sf_fake_stdout
                0x0000000000006b08       0x20 d:/mounriver/mounriver_studio/toolchain/risc-v embedded gcc/bin/../lib/gcc/riscv-none-embed/8.2.0/../../../../riscv-none-embed/lib/rv32imacxw/ilp32\libg_nano.a(lib_a-findfp.o)
                0x0000000000006b08                __sf_fake_stdout
 .rodata._svfprintf_r.str1.4
                0x0000000000006b28       0x13 d:/mounriver/mounriver_studio/toolchain/risc-v embedded gcc/bin/../lib/gcc/riscv-none-embed/8.2.0/../../../../riscv-none-embed/lib/rv32imacxw/ilp32\libg_nano.a(lib_a-nano-svfprintf.o)
 .rodata._vfprintf_r.str1.4
                0x0000000000006b3b       0x13 d:/mounriver/mounriver_studio/toolchain/risc-v embedded gcc/bin/../lib/gcc/riscv-none-embed/8.2.0/../../../../riscv-none-embed/lib/rv32imacxw/ilp32\libg_nano.a(lib_a-nano-vfprintf.o)
 *fill*         0x0000000000006b3b        0x1 
 .rodata._printf_i.str1.4
                0x0000000000006b3c       0x28 d:/mounriver/mounriver_studio/toolchain/risc-v embedded gcc/bin/../lib/gcc/riscv-none-embed/8.2.0/../../../../riscv-none-embed/lib/rv32imacxw/ilp32\libg_nano.a(lib_a-nano-vfprintf_i.o)
                                         0x25 (size before relaxing)
 *(.gnu.linkonce.t.*)
                0x0000000000006b64                . = ALIGN (0x4)

.rela.dyn       0x0000000000006b64        0x0
 .rela.init     0x0000000000006b64        0x0 ./User/ch32v30x_it.o
 .rela.vector   0x0000000000006b64        0x0 ./User/ch32v30x_it.o
 .rela.text.handle_reset
                0x0000000000006b64        0x0 ./User/ch32v30x_it.o
 .rela.text._sbrk
                0x0000000000006b64        0x0 ./User/ch32v30x_it.o
 .rela.sdata.curbrk.5218
                0x0000000000006b64        0x0 ./User/ch32v30x_it.o
 .rela.text._svfprintf_r
                0x0000000000006b64        0x0 ./User/ch32v30x_it.o
 .rela.text._vfprintf_r
                0x0000000000006b64        0x0 ./User/ch32v30x_it.o
 .rela.text._sbrk_r
                0x0000000000006b64        0x0 ./User/ch32v30x_it.o
 .rela.text._write_r
                0x0000000000006b64        0x0 ./User/ch32v30x_it.o
 .rela.text._close_r
                0x0000000000006b64        0x0 ./User/ch32v30x_it.o
 .rela.text._lseek_r
                0x0000000000006b64        0x0 ./User/ch32v30x_it.o
 .rela.text._read_r
                0x0000000000006b64        0x0 ./User/ch32v30x_it.o
 .rela.text._fstat_r
                0x0000000000006b64        0x0 ./User/ch32v30x_it.o
 .rela.text._isatty_r
                0x0000000000006b64        0x0 ./User/ch32v30x_it.o
 .rela.text._close
                0x0000000000006b64        0x0 ./User/ch32v30x_it.o
 .rela.text._fstat
                0x0000000000006b64        0x0 ./User/ch32v30x_it.o
 .rela.text._isatty
                0x0000000000006b64        0x0 ./User/ch32v30x_it.o
 .rela.text._lseek
                0x0000000000006b64        0x0 ./User/ch32v30x_it.o
 .rela.text._read
                0x0000000000006b64        0x0 ./User/ch32v30x_it.o

.fini           0x0000000000006b64        0x0
 *(SORT_NONE(.fini))
                0x0000000000006b64                . = ALIGN (0x4)
                [!provide]                        PROVIDE (_etext = .)
                [!provide]                        PROVIDE (_eitcm = .)

.preinit_array  0x0000000000006b64        0x0
                [!provide]                        PROVIDE (__preinit_array_start = .)
 *(.preinit_array)
                [!provide]                        PROVIDE (__preinit_array_end = .)

.init_array     0x0000000000006b64        0x0
                [!provide]                        PROVIDE (__init_array_start = .)
 *(SORT_BY_INIT_PRIORITY(.init_array.*) SORT_BY_INIT_PRIORITY(.ctors.*))
 *(.init_array EXCLUDE_FILE(*crtend?.o *crtend.o *crtbegin?.o *crtbegin.o) .ctors)
                [!provide]                        PROVIDE (__init_array_end = .)

.fini_array     0x0000000000006b64        0x0
                [!provide]                        PROVIDE (__fini_array_start = .)
 *(SORT_BY_INIT_PRIORITY(.fini_array.*) SORT_BY_INIT_PRIORITY(.dtors.*))
 *(.fini_array EXCLUDE_FILE(*crtend?.o *crtend.o *crtbegin?.o *crtbegin.o) .dtors)
                [!provide]                        PROVIDE (__fini_array_end = .)

.ctors
 *crtbegin.o(.ctors)
 *crtbegin?.o(.ctors)
 *(EXCLUDE_FILE(*crtend?.o *crtend.o) .ctors)
 *(SORT_BY_NAME(.ctors.*))
 *(.ctors)

.dtors
 *crtbegin.o(.dtors)
 *crtbegin?.o(.dtors)
 *(EXCLUDE_FILE(*crtend?.o *crtend.o) .dtors)
 *(SORT_BY_NAME(.dtors.*))
 *(.dtors)

.dalign         0x0000000020000000        0x0 load address 0x0000000000006b64
                0x0000000020000000                . = ALIGN (0x4)
                0x0000000020000000                PROVIDE (_data_vma = .)

.dlalign        0x0000000000006b64        0x0
                0x0000000000006b64                . = ALIGN (0x4)
                0x0000000000006b64                PROVIDE (_data_lma = .)

.data           0x0000000020000000       0x98 load address 0x0000000000006b64
 *(.gnu.linkonce.r.*)
 *(.data .data.*)
 .data.APBAHBPrescTable
                0x0000000020000000       0x10 ./Peripheral/src/ch32v30x_rcc.o
 .data.impure_data
                0x0000000020000010       0x60 d:/mounriver/mounriver_studio/toolchain/risc-v embedded gcc/bin/../lib/gcc/riscv-none-embed/8.2.0/../../../../riscv-none-embed/lib/rv32imacxw/ilp32\libg_nano.a(lib_a-impure.o)
 *(.gnu.linkonce.d.*)
                0x0000000020000070                . = ALIGN (0x8)
                0x0000000020000870                PROVIDE (__global_pointer$ = (. + 0x800))
 *(.sdata .sdata.*)
 .sdata.FORE_COLOR
                0x0000000020000070        0x2 ./User/lcd.o
                0x0000000020000070                FORE_COLOR
 .sdata.EACHCHANGE
                0x0000000020000072        0x2 ./User/main.o
                0x0000000020000072                EACHCHANGE
 .sdata.MA_1    0x0000000020000074        0x2 ./User/main.o
                0x0000000020000074                MA_1
 .sdata.RUNTIME
                0x0000000020000076        0x2 ./User/main.o
                0x0000000020000076                RUNTIME
 .sdata.TURNTIME
                0x0000000020000078        0x2 ./User/main.o
                0x0000000020000078                TURNTIME
 *fill*         0x000000002000007a        0x2 
 .sdata.TxBuffer
                0x000000002000007c        0x2 ./User/main.o
                0x000000002000007c                TxBuffer
 *fill*         0x000000002000007e        0x2 
 .sdata.SystemCoreClock
                0x0000000020000080        0x4 ./User/system_ch32v30x.o
                0x0000000020000080                SystemCoreClock
 .sdata.ADCPrescTable
                0x0000000020000084        0x4 ./Peripheral/src/ch32v30x_rcc.o
 .sdata.curbrk.5218
                0x0000000020000088        0x4 ./Debug/debug.o
 .sdata._impure_ptr
                0x000000002000008c        0x4 d:/mounriver/mounriver_studio/toolchain/risc-v embedded gcc/bin/../lib/gcc/riscv-none-embed/8.2.0/../../../../riscv-none-embed/lib/rv32imacxw/ilp32\libg_nano.a(lib_a-impure.o)
                0x000000002000008c                _impure_ptr
 *(.sdata2.*)
 .sdata2._global_impure_ptr
                0x0000000020000090        0x4 d:/mounriver/mounriver_studio/toolchain/risc-v embedded gcc/bin/../lib/gcc/riscv-none-embed/8.2.0/../../../../riscv-none-embed/lib/rv32imacxw/ilp32\libg_nano.a(lib_a-impure.o)
                0x0000000020000090                _global_impure_ptr
 *(.gnu.linkonce.s.*)
                0x0000000020000098                . = ALIGN (0x8)
 *fill*         0x0000000020000094        0x4 
 *(.srodata.cst16)
 *(.srodata.cst8)
 *(.srodata.cst4)
 *(.srodata.cst2)
 *(.srodata .srodata.*)
                0x0000000020000098                . = ALIGN (0x4)
                0x0000000020000098                PROVIDE (_edata = .)

.bss            0x0000000020000098      0x480 load address 0x0000000000006bfc
                0x0000000020000098                . = ALIGN (0x4)
                0x0000000020000098                PROVIDE (_sbss = .)
 *(.sbss*)
 .sbss.BACK_COLOR
                0x0000000020000098        0x2 ./User/lcd.o
                0x0000000020000098                BACK_COLOR
 .sbss.GLOBALSWITCH
                0x000000002000009a        0x2 ./User/main.o
                0x000000002000009a                GLOBALSWITCH
 .sbss.rxBufferReadPos
                0x000000002000009c        0x2 ./User/main.o
                0x000000002000009c                rxBufferReadPos
 *fill*         0x000000002000009e        0x2 
 .sbss.NVIC_Priority_Group
                0x00000000200000a0        0x4 ./Peripheral/src/ch32v30x_misc.o
                0x00000000200000a0                NVIC_Priority_Group
 .sbss.p_ms     0x00000000200000a4        0x2 ./Debug/debug.o
 .sbss.p_us     0x00000000200000a6        0x1 ./Debug/debug.o
 *fill*         0x00000000200000a7        0x1 
 .sbss.__malloc_free_list
                0x00000000200000a8        0x4 d:/mounriver/mounriver_studio/toolchain/risc-v embedded gcc/bin/../lib/gcc/riscv-none-embed/8.2.0/../../../../riscv-none-embed/lib/rv32imacxw/ilp32\libg_nano.a(lib_a-nano-mallocr.o)
                0x00000000200000a8                __malloc_free_list
 .sbss.__malloc_sbrk_start
                0x00000000200000ac        0x4 d:/mounriver/mounriver_studio/toolchain/risc-v embedded gcc/bin/../lib/gcc/riscv-none-embed/8.2.0/../../../../riscv-none-embed/lib/rv32imacxw/ilp32\libg_nano.a(lib_a-nano-mallocr.o)
                0x00000000200000ac                __malloc_sbrk_start
 *(.gnu.linkonce.sb.*)
 *(.bss*)
 .bss.RxBuffer  0x00000000200000b0      0x400 ./User/main.o
                0x00000000200000b0                RxBuffer
 .bss.buffer_s  0x00000000200004b0       0x64 ./User/main.o
                0x00000000200004b0                buffer_s
 *(.gnu.linkonce.b.*)
 *(COMMON*)
 COMMON         0x0000000020000514        0x4 d:/mounriver/mounriver_studio/toolchain/risc-v embedded gcc/bin/../lib/gcc/riscv-none-embed/8.2.0/../../../../riscv-none-embed/lib/rv32imacxw/ilp32\libg_nano.a(lib_a-reent.o)
                0x0000000020000514                errno
                0x0000000020000518                . = ALIGN (0x4)
                0x0000000020000518                PROVIDE (_ebss = .)
                0x0000000020000518                PROVIDE (_end = _ebss)
                [!provide]                        PROVIDE (end = .)

.stack          0x0000000020007800      0x800
                0x0000000020007800                PROVIDE (_heap_end = .)
                0x0000000020007800                . = ALIGN (0x4)
                [!provide]                        PROVIDE (_susrstack = .)
                0x0000000020008000                . = (. + __stack_size)
 *fill*         0x0000000020007800      0x800 
                0x0000000020008000                PROVIDE (_eusrstack = .)
OUTPUT(Smart_Car.elf elf32-littleriscv)

.debug_info     0x0000000000000000    0x1148d
 .debug_info    0x0000000000000000      0x962 ./User/ch32v30x_it.o
 .debug_info    0x0000000000000962     0x2a06 ./User/lcd.o
 .debug_info    0x0000000000003368     0x2945 ./User/main.o
 .debug_info    0x0000000000005cad      0xb89 ./User/system_ch32v30x.o
 .debug_info    0x0000000000006836       0x22 ./Startup/startup_ch32v30x_D8C.o
 .debug_info    0x0000000000006858      0xd16 ./Peripheral/src/ch32v30x_dma.o
 .debug_info    0x000000000000756e      0xc0d ./Peripheral/src/ch32v30x_exti.o
 .debug_info    0x000000000000817b     0x104d ./Peripheral/src/ch32v30x_fsmc.o
 .debug_info    0x00000000000091c8     0x1093 ./Peripheral/src/ch32v30x_gpio.o
 .debug_info    0x000000000000a25b      0xf72 ./Peripheral/src/ch32v30x_misc.o
 .debug_info    0x000000000000b1cd     0x156e ./Peripheral/src/ch32v30x_rcc.o
 .debug_info    0x000000000000c73b     0x2a16 ./Peripheral/src/ch32v30x_tim.o
 .debug_info    0x000000000000f151     0x1420 ./Peripheral/src/ch32v30x_usart.o
 .debug_info    0x0000000000010571      0xf1c ./Debug/debug.o

.debug_abbrev   0x0000000000000000     0x2a98
 .debug_abbrev  0x0000000000000000      0x1cf ./User/ch32v30x_it.o
 .debug_abbrev  0x00000000000001cf      0x478 ./User/lcd.o
 .debug_abbrev  0x0000000000000647      0x567 ./User/main.o
 .debug_abbrev  0x0000000000000bae      0x2c0 ./User/system_ch32v30x.o
 .debug_abbrev  0x0000000000000e6e       0x12 ./Startup/startup_ch32v30x_D8C.o
 .debug_abbrev  0x0000000000000e80      0x2fd ./Peripheral/src/ch32v30x_dma.o
 .debug_abbrev  0x000000000000117d      0x2da ./Peripheral/src/ch32v30x_exti.o
 .debug_abbrev  0x0000000000001457      0x2d9 ./Peripheral/src/ch32v30x_fsmc.o
 .debug_abbrev  0x0000000000001730      0x309 ./Peripheral/src/ch32v30x_gpio.o
 .debug_abbrev  0x0000000000001a39      0x2fb ./Peripheral/src/ch32v30x_misc.o
 .debug_abbrev  0x0000000000001d34      0x351 ./Peripheral/src/ch32v30x_rcc.o
 .debug_abbrev  0x0000000000002085      0x408 ./Peripheral/src/ch32v30x_tim.o
 .debug_abbrev  0x000000000000248d      0x312 ./Peripheral/src/ch32v30x_usart.o
 .debug_abbrev  0x000000000000279f      0x2f9 ./Debug/debug.o

.debug_aranges  0x0000000000000000      0xa60
 .debug_aranges
                0x0000000000000000       0x28 ./User/ch32v30x_it.o
 .debug_aranges
                0x0000000000000028       0xf0 ./User/lcd.o
 .debug_aranges
                0x0000000000000118      0x120 ./User/main.o
 .debug_aranges
                0x0000000000000238       0x28 ./User/system_ch32v30x.o
 .debug_aranges
                0x0000000000000260       0x30 ./Startup/startup_ch32v30x_D8C.o
 .debug_aranges
                0x0000000000000290       0x60 ./Peripheral/src/ch32v30x_dma.o
 .debug_aranges
                0x00000000000002f0       0x50 ./Peripheral/src/ch32v30x_exti.o
 .debug_aranges
                0x0000000000000340       0x90 ./Peripheral/src/ch32v30x_fsmc.o
 .debug_aranges
                0x00000000000003d0       0xa8 ./Peripheral/src/ch32v30x_gpio.o
 .debug_aranges
                0x0000000000000478       0x28 ./Peripheral/src/ch32v30x_misc.o
 .debug_aranges
                0x00000000000004a0      0x1a8 ./Peripheral/src/ch32v30x_rcc.o
 .debug_aranges
                0x0000000000000648      0x2d0 ./Peripheral/src/ch32v30x_tim.o
 .debug_aranges
                0x0000000000000918      0x100 ./Peripheral/src/ch32v30x_usart.o
 .debug_aranges
                0x0000000000000a18       0x48 ./Debug/debug.o

.debug_ranges   0x0000000000000000      0xad0
 .debug_ranges  0x0000000000000000       0x18 ./User/ch32v30x_it.o
 .debug_ranges  0x0000000000000018      0x148 ./User/lcd.o
 .debug_ranges  0x0000000000000160      0x170 ./User/main.o
 .debug_ranges  0x00000000000002d0       0x38 ./User/system_ch32v30x.o
 .debug_ranges  0x0000000000000308       0x28 ./Startup/startup_ch32v30x_D8C.o
 .debug_ranges  0x0000000000000330       0x50 ./Peripheral/src/ch32v30x_dma.o
 .debug_ranges  0x0000000000000380       0x40 ./Peripheral/src/ch32v30x_exti.o
 .debug_ranges  0x00000000000003c0       0x80 ./Peripheral/src/ch32v30x_fsmc.o
 .debug_ranges  0x0000000000000440       0x98 ./Peripheral/src/ch32v30x_gpio.o
 .debug_ranges  0x00000000000004d8       0x48 ./Peripheral/src/ch32v30x_misc.o
 .debug_ranges  0x0000000000000520      0x198 ./Peripheral/src/ch32v30x_rcc.o
 .debug_ranges  0x00000000000006b8      0x2f0 ./Peripheral/src/ch32v30x_tim.o
 .debug_ranges  0x00000000000009a8       0xf0 ./Peripheral/src/ch32v30x_usart.o
 .debug_ranges  0x0000000000000a98       0x38 ./Debug/debug.o

.debug_line     0x0000000000000000     0xda4c
 .debug_line    0x0000000000000000      0x21d ./User/ch32v30x_it.o
 .debug_line    0x000000000000021d     0x218b ./User/lcd.o
 .debug_line    0x00000000000023a8     0x1a1c ./User/main.o
 .debug_line    0x0000000000003dc4      0x727 ./User/system_ch32v30x.o
 .debug_line    0x00000000000044eb      0x356 ./Startup/startup_ch32v30x_D8C.o
 .debug_line    0x0000000000004841      0x9a5 ./Peripheral/src/ch32v30x_dma.o
 .debug_line    0x00000000000051e6      0x5aa ./Peripheral/src/ch32v30x_exti.o
 .debug_line    0x0000000000005790      0xe06 ./Peripheral/src/ch32v30x_fsmc.o
 .debug_line    0x0000000000006596      0xd18 ./Peripheral/src/ch32v30x_gpio.o
 .debug_line    0x00000000000072ae      0x4a5 ./Peripheral/src/ch32v30x_misc.o
 .debug_line    0x0000000000007753     0x195d ./Peripheral/src/ch32v30x_rcc.o
 .debug_line    0x00000000000090b0     0x32ca ./Peripheral/src/ch32v30x_tim.o
 .debug_line    0x000000000000c37a      0xffb ./Peripheral/src/ch32v30x_usart.o
 .debug_line    0x000000000000d375      0x6d7 ./Debug/debug.o

.debug_str      0x0000000000000000     0x360c
 .debug_str     0x0000000000000000      0x53d ./User/ch32v30x_it.o
                                        0x5a4 (size before relaxing)
 .debug_str     0x000000000000053d      0x98b ./User/lcd.o
                                        0xf48 (size before relaxing)
 .debug_str     0x0000000000000ec8      0xbf3 ./User/main.o
                                       0x1444 (size before relaxing)
 .debug_str     0x0000000000001abb      0x10b ./User/system_ch32v30x.o
                                        0x6ba (size before relaxing)
 .debug_str     0x0000000000001bc6       0x2e ./Startup/startup_ch32v30x_D8C.o
                                         0x58 (size before relaxing)
 .debug_str     0x0000000000001bf4       0xe3 ./Peripheral/src/ch32v30x_dma.o
                                        0x7e1 (size before relaxing)
 .debug_str     0x0000000000001cd7       0xd5 ./Peripheral/src/ch32v30x_exti.o
                                        0x77b (size before relaxing)
 .debug_str     0x0000000000001dac      0x2cf ./Peripheral/src/ch32v30x_fsmc.o
                                        0xab6 (size before relaxing)
 .debug_str     0x000000000000207b      0x1f4 ./Peripheral/src/ch32v30x_gpio.o
                                        0x95f (size before relaxing)
 .debug_str     0x000000000000226f       0xfa ./Peripheral/src/ch32v30x_misc.o
                                        0xcb9 (size before relaxing)
 .debug_str     0x0000000000002369      0x59e ./Peripheral/src/ch32v30x_rcc.o
                                        0xcb8 (size before relaxing)
 .debug_str     0x0000000000002907      0x93c ./Peripheral/src/ch32v30x_tim.o
                                       0x1269 (size before relaxing)
 .debug_str     0x0000000000003243      0x367 ./Peripheral/src/ch32v30x_usart.o
                                        0xb05 (size before relaxing)
 .debug_str     0x00000000000035aa       0x62 ./Debug/debug.o
                                        0x8ed (size before relaxing)

.comment        0x0000000000000000       0x33
 .comment       0x0000000000000000       0x33 ./User/ch32v30x_it.o
                                         0x34 (size before relaxing)
 .comment       0x0000000000000033       0x34 ./User/lcd.o
 .comment       0x0000000000000033       0x34 ./User/main.o
 .comment       0x0000000000000033       0x34 ./User/system_ch32v30x.o
 .comment       0x0000000000000033       0x34 ./Peripheral/src/ch32v30x_dma.o
 .comment       0x0000000000000033       0x34 ./Peripheral/src/ch32v30x_exti.o
 .comment       0x0000000000000033       0x34 ./Peripheral/src/ch32v30x_fsmc.o
 .comment       0x0000000000000033       0x34 ./Peripheral/src/ch32v30x_gpio.o
 .comment       0x0000000000000033       0x34 ./Peripheral/src/ch32v30x_misc.o
 .comment       0x0000000000000033       0x34 ./Peripheral/src/ch32v30x_rcc.o
 .comment       0x0000000000000033       0x34 ./Peripheral/src/ch32v30x_tim.o
 .comment       0x0000000000000033       0x34 ./Peripheral/src/ch32v30x_usart.o
 .comment       0x0000000000000033       0x34 ./Debug/debug.o

.debug_frame    0x0000000000000000     0x22a0
 .debug_frame   0x0000000000000000       0x30 ./User/ch32v30x_it.o
 .debug_frame   0x0000000000000030      0x3cc ./User/lcd.o
 .debug_frame   0x00000000000003fc      0x408 ./User/main.o
 .debug_frame   0x0000000000000804       0x3c ./User/system_ch32v30x.o
 .debug_frame   0x0000000000000840       0xd8 ./Peripheral/src/ch32v30x_dma.o
 .debug_frame   0x0000000000000918       0x90 ./Peripheral/src/ch32v30x_exti.o
 .debug_frame   0x00000000000009a8      0x100 ./Peripheral/src/ch32v30x_fsmc.o
 .debug_frame   0x0000000000000aa8      0x148 ./Peripheral/src/ch32v30x_gpio.o
 .debug_frame   0x0000000000000bf0       0x30 ./Peripheral/src/ch32v30x_misc.o
 .debug_frame   0x0000000000000c20      0x344 ./Peripheral/src/ch32v30x_rcc.o
 .debug_frame   0x0000000000000f64      0x614 ./Peripheral/src/ch32v30x_tim.o
 .debug_frame   0x0000000000001578      0x204 ./Peripheral/src/ch32v30x_usart.o
 .debug_frame   0x000000000000177c       0x9c ./Debug/debug.o
 .debug_frame   0x0000000000001818       0x54 d:/mounriver/mounriver_studio/toolchain/risc-v embedded gcc/bin/../lib/gcc/riscv-none-embed/8.2.0/../../../../riscv-none-embed/lib/rv32imacxw/ilp32\libg_nano.a(lib_a-printf.o)
 .debug_frame   0x000000000000186c       0x48 d:/mounriver/mounriver_studio/toolchain/risc-v embedded gcc/bin/../lib/gcc/riscv-none-embed/8.2.0/../../../../riscv-none-embed/lib/rv32imacxw/ilp32\libg_nano.a(lib_a-vsnprintf.o)
 .debug_frame   0x00000000000018b4      0x148 d:/mounriver/mounriver_studio/toolchain/risc-v embedded gcc/bin/../lib/gcc/riscv-none-embed/8.2.0/../../../../riscv-none-embed/lib/rv32imacxw/ilp32\libg_nano.a(lib_a-findfp.o)
 .debug_frame   0x00000000000019fc       0x88 d:/mounriver/mounriver_studio/toolchain/risc-v embedded gcc/bin/../lib/gcc/riscv-none-embed/8.2.0/../../../../riscv-none-embed/lib/rv32imacxw/ilp32\libg_nano.a(lib_a-fwalk.o)
 .debug_frame   0x0000000000001a84       0x40 d:/mounriver/mounriver_studio/toolchain/risc-v embedded gcc/bin/../lib/gcc/riscv-none-embed/8.2.0/../../../../riscv-none-embed/lib/rv32imacxw/ilp32\libg_nano.a(lib_a-nano-mallocr.o)
 .debug_frame   0x0000000000001ac4       0xe0 d:/mounriver/mounriver_studio/toolchain/risc-v embedded gcc/bin/../lib/gcc/riscv-none-embed/8.2.0/../../../../riscv-none-embed/lib/rv32imacxw/ilp32\libg_nano.a(lib_a-nano-svfprintf.o)
 .debug_frame   0x0000000000001ba4       0xd0 d:/mounriver/mounriver_studio/toolchain/risc-v embedded gcc/bin/../lib/gcc/riscv-none-embed/8.2.0/../../../../riscv-none-embed/lib/rv32imacxw/ilp32\libg_nano.a(lib_a-nano-vfprintf.o)
 .debug_frame   0x0000000000001c74       0x8c d:/mounriver/mounriver_studio/toolchain/risc-v embedded gcc/bin/../lib/gcc/riscv-none-embed/8.2.0/../../../../riscv-none-embed/lib/rv32imacxw/ilp32\libg_nano.a(lib_a-nano-vfprintf_i.o)
 .debug_frame   0x0000000000001d00       0x30 d:/mounriver/mounriver_studio/toolchain/risc-v embedded gcc/bin/../lib/gcc/riscv-none-embed/8.2.0/../../../../riscv-none-embed/lib/rv32imacxw/ilp32\libg_nano.a(lib_a-sbrkr.o)
 .debug_frame   0x0000000000001d30       0xa4 d:/mounriver/mounriver_studio/toolchain/risc-v embedded gcc/bin/../lib/gcc/riscv-none-embed/8.2.0/../../../../riscv-none-embed/lib/rv32imacxw/ilp32\libg_nano.a(lib_a-stdio.o)
 .debug_frame   0x0000000000001dd4       0x50 d:/mounriver/mounriver_studio/toolchain/risc-v embedded gcc/bin/../lib/gcc/riscv-none-embed/8.2.0/../../../../riscv-none-embed/lib/rv32imacxw/ilp32\libg_nano.a(lib_a-wbuf.o)
 .debug_frame   0x0000000000001e24       0x30 d:/mounriver/mounriver_studio/toolchain/risc-v embedded gcc/bin/../lib/gcc/riscv-none-embed/8.2.0/../../../../riscv-none-embed/lib/rv32imacxw/ilp32\libg_nano.a(lib_a-writer.o)
 .debug_frame   0x0000000000001e54       0x3c d:/mounriver/mounriver_studio/toolchain/risc-v embedded gcc/bin/../lib/gcc/riscv-none-embed/8.2.0/../../../../riscv-none-embed/lib/rv32imacxw/ilp32\libg_nano.a(lib_a-wsetup.o)
 .debug_frame   0x0000000000001e90       0x30 d:/mounriver/mounriver_studio/toolchain/risc-v embedded gcc/bin/../lib/gcc/riscv-none-embed/8.2.0/../../../../riscv-none-embed/lib/rv32imacxw/ilp32\libg_nano.a(lib_a-closer.o)
 .debug_frame   0x0000000000001ec0       0x7c d:/mounriver/mounriver_studio/toolchain/risc-v embedded gcc/bin/../lib/gcc/riscv-none-embed/8.2.0/../../../../riscv-none-embed/lib/rv32imacxw/ilp32\libg_nano.a(lib_a-fflush.o)
 .debug_frame   0x0000000000001f3c       0x30 d:/mounriver/mounriver_studio/toolchain/risc-v embedded gcc/bin/../lib/gcc/riscv-none-embed/8.2.0/../../../../riscv-none-embed/lib/rv32imacxw/ilp32\libg_nano.a(lib_a-lseekr.o)
 .debug_frame   0x0000000000001f6c       0x64 d:/mounriver/mounriver_studio/toolchain/risc-v embedded gcc/bin/../lib/gcc/riscv-none-embed/8.2.0/../../../../riscv-none-embed/lib/rv32imacxw/ilp32\libg_nano.a(lib_a-makebuf.o)
 .debug_frame   0x0000000000001fd0       0x20 d:/mounriver/mounriver_studio/toolchain/risc-v embedded gcc/bin/../lib/gcc/riscv-none-embed/8.2.0/../../../../riscv-none-embed/lib/rv32imacxw/ilp32\libg_nano.a(lib_a-memchr.o)
 .debug_frame   0x0000000000001ff0       0x20 d:/mounriver/mounriver_studio/toolchain/risc-v embedded gcc/bin/../lib/gcc/riscv-none-embed/8.2.0/../../../../riscv-none-embed/lib/rv32imacxw/ilp32\libg_nano.a(lib_a-memcpy.o)
 .debug_frame   0x0000000000002010       0x20 d:/mounriver/mounriver_studio/toolchain/risc-v embedded gcc/bin/../lib/gcc/riscv-none-embed/8.2.0/../../../../riscv-none-embed/lib/rv32imacxw/ilp32\libg_nano.a(lib_a-memmove.o)
 .debug_frame   0x0000000000002030       0x30 d:/mounriver/mounriver_studio/toolchain/risc-v embedded gcc/bin/../lib/gcc/riscv-none-embed/8.2.0/../../../../riscv-none-embed/lib/rv32imacxw/ilp32\libg_nano.a(lib_a-mlock.o)
 .debug_frame   0x0000000000002060       0x40 d:/mounriver/mounriver_studio/toolchain/risc-v embedded gcc/bin/../lib/gcc/riscv-none-embed/8.2.0/../../../../riscv-none-embed/lib/rv32imacxw/ilp32\libg_nano.a(lib_a-nano-freer.o)
 .debug_frame   0x00000000000020a0       0x40 d:/mounriver/mounriver_studio/toolchain/risc-v embedded gcc/bin/../lib/gcc/riscv-none-embed/8.2.0/../../../../riscv-none-embed/lib/rv32imacxw/ilp32\libg_nano.a(lib_a-nano-reallocr.o)
 .debug_frame   0x00000000000020e0       0x30 d:/mounriver/mounriver_studio/toolchain/risc-v embedded gcc/bin/../lib/gcc/riscv-none-embed/8.2.0/../../../../riscv-none-embed/lib/rv32imacxw/ilp32\libg_nano.a(lib_a-readr.o)
 .debug_frame   0x0000000000002110       0x70 d:/mounriver/mounriver_studio/toolchain/risc-v embedded gcc/bin/../lib/gcc/riscv-none-embed/8.2.0/../../../../riscv-none-embed/lib/rv32imacxw/ilp32\libg_nano.a(lib_a-reent.o)
 .debug_frame   0x0000000000002180       0x30 d:/mounriver/mounriver_studio/toolchain/risc-v embedded gcc/bin/../lib/gcc/riscv-none-embed/8.2.0/../../../../riscv-none-embed/lib/rv32imacxw/ilp32\libg_nano.a(lib_a-fstatr.o)
 .debug_frame   0x00000000000021b0       0x30 d:/mounriver/mounriver_studio/toolchain/risc-v embedded gcc/bin/../lib/gcc/riscv-none-embed/8.2.0/../../../../riscv-none-embed/lib/rv32imacxw/ilp32\libg_nano.a(lib_a-isattyr.o)
 .debug_frame   0x00000000000021e0       0x20 d:/mounriver/mounriver_studio/toolchain/risc-v embedded gcc/bin/../lib/gcc/riscv-none-embed/8.2.0/../../../../riscv-none-embed/lib/rv32imacxw/ilp32\libg_nano.a(lib_a-nano-msizer.o)
 .debug_frame   0x0000000000002200       0x20 d:/mounriver/mounriver_studio/toolchain/risc-v embedded gcc/bin/../lib/gcc/riscv-none-embed/8.2.0/../../../../riscv-none-embed/lib/rv32imacxw/ilp32\libnosys.a(close.o)
 .debug_frame   0x0000000000002220       0x20 d:/mounriver/mounriver_studio/toolchain/risc-v embedded gcc/bin/../lib/gcc/riscv-none-embed/8.2.0/../../../../riscv-none-embed/lib/rv32imacxw/ilp32\libnosys.a(fstat.o)
 .debug_frame   0x0000000000002240       0x20 d:/mounriver/mounriver_studio/toolchain/risc-v embedded gcc/bin/../lib/gcc/riscv-none-embed/8.2.0/../../../../riscv-none-embed/lib/rv32imacxw/ilp32\libnosys.a(isatty.o)
 .debug_frame   0x0000000000002260       0x20 d:/mounriver/mounriver_studio/toolchain/risc-v embedded gcc/bin/../lib/gcc/riscv-none-embed/8.2.0/../../../../riscv-none-embed/lib/rv32imacxw/ilp32\libnosys.a(lseek.o)
 .debug_frame   0x0000000000002280       0x20 d:/mounriver/mounriver_studio/toolchain/risc-v embedded gcc/bin/../lib/gcc/riscv-none-embed/8.2.0/../../../../riscv-none-embed/lib/rv32imacxw/ilp32\libnosys.a(read.o)

.debug_loc      0x0000000000000000     0x5964
 .debug_loc     0x0000000000000000     0x1513 ./User/lcd.o
 .debug_loc     0x0000000000001513      0x75f ./User/main.o
 .debug_loc     0x0000000000001c72       0xda ./User/system_ch32v30x.o
 .debug_loc     0x0000000000001d4c      0x19a ./Peripheral/src/ch32v30x_dma.o
 .debug_loc     0x0000000000001ee6      0x181 ./Peripheral/src/ch32v30x_exti.o
 .debug_loc     0x0000000000002067      0x454 ./Peripheral/src/ch32v30x_fsmc.o
 .debug_loc     0x00000000000024bb      0x670 ./Peripheral/src/ch32v30x_gpio.o
 .debug_loc     0x0000000000002b2b       0xce ./Peripheral/src/ch32v30x_misc.o
 .debug_loc     0x0000000000002bf9      0xadb ./Peripheral/src/ch32v30x_rcc.o
 .debug_loc     0x00000000000036d4     0x195e ./Peripheral/src/ch32v30x_tim.o
 .debug_loc     0x0000000000005032      0x7bb ./Peripheral/src/ch32v30x_usart.o
 .debug_loc     0x00000000000057ed      0x177 ./Debug/debug.o

.stab           0x0000000000000000       0x84
 .stab          0x0000000000000000       0x24 d:/mounriver/mounriver_studio/toolchain/risc-v embedded gcc/bin/../lib/gcc/riscv-none-embed/8.2.0/../../../../riscv-none-embed/lib/rv32imacxw/ilp32\libnosys.a(close.o)
 .stab          0x0000000000000024       0x18 d:/mounriver/mounriver_studio/toolchain/risc-v embedded gcc/bin/../lib/gcc/riscv-none-embed/8.2.0/../../../../riscv-none-embed/lib/rv32imacxw/ilp32\libnosys.a(fstat.o)
                                         0x24 (size before relaxing)
 .stab          0x000000000000003c       0x18 d:/mounriver/mounriver_studio/toolchain/risc-v embedded gcc/bin/../lib/gcc/riscv-none-embed/8.2.0/../../../../riscv-none-embed/lib/rv32imacxw/ilp32\libnosys.a(isatty.o)
                                         0x24 (size before relaxing)
 .stab          0x0000000000000054       0x18 d:/mounriver/mounriver_studio/toolchain/risc-v embedded gcc/bin/../lib/gcc/riscv-none-embed/8.2.0/../../../../riscv-none-embed/lib/rv32imacxw/ilp32\libnosys.a(lseek.o)
                                         0x24 (size before relaxing)
 .stab          0x000000000000006c       0x18 d:/mounriver/mounriver_studio/toolchain/risc-v embedded gcc/bin/../lib/gcc/riscv-none-embed/8.2.0/../../../../riscv-none-embed/lib/rv32imacxw/ilp32\libnosys.a(read.o)
                                         0x24 (size before relaxing)

.stabstr        0x0000000000000000      0x117
 .stabstr       0x0000000000000000      0x117 d:/mounriver/mounriver_studio/toolchain/risc-v embedded gcc/bin/../lib/gcc/riscv-none-embed/8.2.0/../../../../riscv-none-embed/lib/rv32imacxw/ilp32\libnosys.a(close.o)
